<html>
<body>
<pre>
<h1>µVision Build Log</h1>
<h2>Tool Versions:</h2>
IDE-Version: µVision V5.28.0.0
Copyright (C) 2019 ARM Ltd and ARM Germany GmbH. All rights reserved.
License Information: Eduardo Aznar Torres, UPM, LIC=----
 
Tool Versions:
Toolchain:       MDK-Lite  Version: 5.28.0.0
Toolchain Path:  C:\Keil_v5\ARM\ARMCC\Bin
C Compiler:      Armcc.exe V5.06 update 6 (build 750)
Assembler:       Armasm.exe V5.06 update 6 (build 750)
Linker/Locator:  ArmLink.exe V5.06 update 6 (build 750)
Library Manager: ArmAr.exe V5.06 update 6 (build 750)
Hex Converter:   FromElf.exe V5.06 update 6 (build 750)
CPU DLL:         SARMCM3.DLL V5.28.0.0
Dialog DLL:      DCM.DLL V1.17.3.0
Target DLL:      STLink\ST-LINKIII-KEIL_SWO.dll V3.0.6.0
Dialog DLL:      TCM.DLL V1.36.2.0
 
<h2>Project:</h2>
C:\Users\edu-a\Desktop\Control_Luces\MDK-ARM\Control_Luces.uvprojx
Project File Date:  01/20/2020

<h2>Output:</h2>
*** Using Compiler 'V5.06 update 6 (build 750)', folder: 'C:\Keil_v5\ARM\ARMCC\Bin'
Build target 'Control_Luces'
compiling main.c...
../Src/main.c(117): warning:  #188-D: enumerated type mixed with another type
  			HAL_GPIO_WritePin(GPIOB, GPIO_PIN_14,1);
../Src/main.c(119): warning:  #188-D: enumerated type mixed with another type
  			HAL_GPIO_WritePin(GPIOB, GPIO_PIN_14,0);
../Src/main.c(141): warning:  #1035-D: single-precision operand implicitly converted to double-precision
  		distancia = (numTicks + 0.0f)*2.8*VelSonido;
../Src/main.c(145): warning:  #188-D: enumerated type mixed with another type
  			HAL_GPIO_WritePin(GPIOD, GPIO_PIN_10, 1);
../Src/main.c(151): warning:  #188-D: enumerated type mixed with another type
  			HAL_GPIO_WritePin(GPIOD, GPIO_PIN_10, 0);
../Src/main.c(155): warning:  #188-D: enumerated type mixed with another type
  			HAL_GPIO_WritePin(GPIOD, GPIO_PIN_10, 0);
../Src/main.c(163): warning:  #188-D: enumerated type mixed with another type
  			HAL_GPIO_WritePin(puertoled,pinled,0);
../Src/main.c(182): warning:  #188-D: enumerated type mixed with another type
  		HAL_GPIO_WritePin(GPIOD,GPIO_PIN_15,0);
../Src/main.c(183): warning:  #188-D: enumerated type mixed with another type
  		HAL_GPIO_WritePin(GPIOD,GPIO_PIN_13,0);
../Src/main.c(196): warning:  #188-D: enumerated type mixed with another type
  		HAL_GPIO_WritePin(GPIOD, GPIO_PIN_14,1); //se enciende el led de la placa rojo para indicar que han saltado los fusibles
../Src/main.c(199): warning:  #188-D: enumerated type mixed with another type
  		HAL_GPIO_WritePin(GPIOD, GPIO_PIN_14,0);
../Src/main.c(202): warning:  #188-D: enumerated type mixed with another type
  		ModeSelect(1,1,0); //Seleccion Modo Manual
../Src/main.c(202): warning:  #188-D: enumerated type mixed with another type
  		ModeSelect(1,1,0); //Seleccion Modo Manual
../Src/main.c(206): warning:  #188-D: enumerated type mixed with another type
  		ModeSelect(2,0,1); //Seleccion Modo Automatico
../Src/main.c(206): warning:  #188-D: enumerated type mixed with another type
  		ModeSelect(2,0,1); //Seleccion Modo Automatico
../Src/main.c: 15 warnings, 0 errors
linking...
Program Size: Code=9740 RO-data=472 RW-data=40 ZI-data=1408  
FromELF: creating hex file...
"Control_Luces\Control_Luces.axf" - 0 Error(s), 15 Warning(s).

<h2>Software Packages used:</h2>

Package Vendor: ARM
                http://www.keil.com/pack/ARM.CMSIS.5.6.0.pack
                ARM.CMSIS.5.6.0
                CMSIS (Cortex Microcontroller Software Interface Standard)
   * Component: CORE Version: 5.3.0

Package Vendor: Keil
                http://www.keil.com/pack/Keil.STM32F4xx_DFP.2.14.0.pack
                Keil.STM32F4xx_DFP.2.14.0
                STMicroelectronics STM32F4 Series Device Support, Drivers and Examples

<h2>Collection of Component include folders:</h2>
  .\RTE\_Control_Luces
  C:\Users\edu-a\AppData\Local\Arm\Packs\ARM\CMSIS\5.6.0\CMSIS\Core\Include
  C:\Users\edu-a\AppData\Local\Arm\Packs\Keil\STM32F4xx_DFP\2.14.0\Drivers\CMSIS\Device\ST\STM32F4xx\Include

<h2>Collection of Component Files used:</h2>

   * Component: ARM::CMSIS:CORE:5.3.0
Build Time Elapsed:  00:00:01
</pre>
</body>
</html>
